... logging to /home/est1/.ros/log/8af39fe4-8a7a-11f1-b2d0-1b719fb27400/roslaunch-Test-442.log
Checking log directory for disk usage. This may take a while.
Press Ctrl-C to interrupt
Done checking log file disk usage. Usage is <1GB.
]2;roscore
[1mstarted roslaunch server http://127.0.0.1:53235/[0m
ros_comm version 1.17.4


SUMMARY
========

PARAMETERS
 * /rosdistro: noetic
 * /rosversion: 1.17.4

NODES

auto-starting new master
[1mprocess[master]: started with pid [471][0m
[1mROS_MASTER_URI=http://127.0.0.1:11346/[0m
]2;roscore http://127.0.0.1:11346/
[1msetting /run_id to 8af39fe4-8a7a-11f1-b2d0-1b719fb27400[0m
[1mprocess[rosout-1]: started with pid [496][0m
started core service [/rosout]
[rosout-1] killing on exit
[master] killing on exit
shutting down processing monitor...
... shutting down processing monitor complete
[1mdone[0m
